// Jest Snapshot v1, https://goo.gl/fbAQLP

exports[`AuthButtons renders children when passed in 1`] = `
ShallowWrapper {
  Symbol(enzyme.__root__): [Circular],
  Symbol(enzyme.__unrendered__): <AuthButtons
    match={
      Object {
        "params": Object {
          "authType": "login",
        },
        "url": "/main/login",
      }
    }
    signIn={[MockFunction]}
  />,
  Symbol(enzyme.__renderer__): Object {
    "batchedUpdates": [Function],
    "getNode": [Function],
    "render": [Function],
    "simulateError": [Function],
    "simulateEvent": [Function],
    "unmount": [Function],
  },
  Symbol(enzyme.__node__): Object {
    "instance": null,
    "key": undefined,
    "nodeType": "class",
    "props": Object {
      "children": Array [
        <Styled(h1)>
          Sign Up
           with:
        </Styled(h1)>,
        Array [
          <SignInButton
            auth={
              Object {
                "Icon": [Function],
                "id": "google.com",
                "method": "signInWithGoogle",
                "name": "Google",
              }
            }
            className="css-1r2f04i"
            onClick={[Function]}
          />,
          <SignInButton
            auth={
              Object {
                "Icon": [Function],
                "id": "facebook.com",
                "method": "signInWithFacebook",
                "name": "Facebook",
              }
            }
            className="css-1r2f04i"
            onClick={[Function]}
          />,
          <Styled(Link)
            className="css-4rmlxi"
            replace={false}
            to="/main/login/email"
          >
            <SignInButton
              auth={
                Object {
                  "Icon": [Function],
                  "id": "password",
                  "method": "signIn",
                  "name": "Email and password",
                }
              }
              className="css-1r2f04i"
            />
          </Styled(Link)>,
          <SignInButton
            auth={
              Object {
                "Icon": [Function],
                "id": "portis",
                "method": "",
                "name": "Portis wallet",
              }
            }
            className="css-1r2f04i"
            onClick={[Function]}
          />,
        ],
      ],
    },
    "ref": null,
    "rendered": Array [
      Object {
        "instance": null,
        "key": undefined,
        "nodeType": "class",
        "props": Object {
          "children": Array [
            "Sign Up",
            " with:",
          ],
        },
        "ref": null,
        "rendered": Array [
          "Sign Up",
          " with:",
        ],
        "type": [Function],
      },
      Object {
        "instance": null,
        "key": "google.com",
        "nodeType": "function",
        "props": Object {
          "auth": Object {
            "Icon": [Function],
            "id": "google.com",
            "method": "signInWithGoogle",
            "name": "Google",
          },
          "className": "css-1r2f04i",
          "onClick": [Function],
        },
        "ref": null,
        "rendered": null,
        "type": [Function],
      },
      Object {
        "instance": null,
        "key": "facebook.com",
        "nodeType": "function",
        "props": Object {
          "auth": Object {
            "Icon": [Function],
            "id": "facebook.com",
            "method": "signInWithFacebook",
            "name": "Facebook",
          },
          "className": "css-1r2f04i",
          "onClick": [Function],
        },
        "ref": null,
        "rendered": null,
        "type": [Function],
      },
      Object {
        "instance": null,
        "key": "password",
        "nodeType": "class",
        "props": Object {
          "children": <SignInButton
            auth={
              Object {
                "Icon": [Function],
                "id": "password",
                "method": "signIn",
                "name": "Email and password",
              }
            }
            className="css-1r2f04i"
          />,
          "className": "css-4rmlxi",
          "replace": false,
          "to": "/main/login/email",
        },
        "ref": null,
        "rendered": Object {
          "instance": null,
          "key": undefined,
          "nodeType": "function",
          "props": Object {
            "auth": Object {
              "Icon": [Function],
              "id": "password",
              "method": "signIn",
              "name": "Email and password",
            },
            "className": "css-1r2f04i",
          },
          "ref": null,
          "rendered": null,
          "type": [Function],
        },
        "type": [Function],
      },
      Object {
        "instance": null,
        "key": "portis",
        "nodeType": "function",
        "props": Object {
          "auth": Object {
            "Icon": [Function],
            "id": "portis",
            "method": "",
            "name": "Portis wallet",
          },
          "className": "css-1r2f04i",
          "onClick": [Function],
        },
        "ref": null,
        "rendered": null,
        "type": [Function],
      },
    ],
    "type": [Function],
  },
  Symbol(enzyme.__nodes__): Array [
    Object {
      "instance": null,
      "key": undefined,
      "nodeType": "class",
      "props": Object {
        "children": Array [
          <Styled(h1)>
            Sign Up
             with:
          </Styled(h1)>,
          Array [
            <SignInButton
              auth={
                Object {
                  "Icon": [Function],
                  "id": "google.com",
                  "method": "signInWithGoogle",
                  "name": "Google",
                }
              }
              className="css-1r2f04i"
              onClick={[Function]}
            />,
            <SignInButton
              auth={
                Object {
                  "Icon": [Function],
                  "id": "facebook.com",
                  "method": "signInWithFacebook",
                  "name": "Facebook",
                }
              }
              className="css-1r2f04i"
              onClick={[Function]}
            />,
            <Styled(Link)
              className="css-4rmlxi"
              replace={false}
              to="/main/login/email"
            >
              <SignInButton
                auth={
                  Object {
                    "Icon": [Function],
                    "id": "password",
                    "method": "signIn",
                    "name": "Email and password",
                  }
                }
                className="css-1r2f04i"
              />
            </Styled(Link)>,
            <SignInButton
              auth={
                Object {
                  "Icon": [Function],
                  "id": "portis",
                  "method": "",
                  "name": "Portis wallet",
                }
              }
              className="css-1r2f04i"
              onClick={[Function]}
            />,
          ],
        ],
      },
      "ref": null,
      "rendered": Array [
        Object {
          "instance": null,
          "key": undefined,
          "nodeType": "class",
          "props": Object {
            "children": Array [
              "Sign Up",
              " with:",
            ],
          },
          "ref": null,
          "rendered": Array [
            "Sign Up",
            " with:",
          ],
          "type": [Function],
        },
        Object {
          "instance": null,
          "key": "google.com",
          "nodeType": "function",
          "props": Object {
            "auth": Object {
              "Icon": [Function],
              "id": "google.com",
              "method": "signInWithGoogle",
              "name": "Google",
            },
            "className": "css-1r2f04i",
            "onClick": [Function],
          },
          "ref": null,
          "rendered": null,
          "type": [Function],
        },
        Object {
          "instance": null,
          "key": "facebook.com",
          "nodeType": "function",
          "props": Object {
            "auth": Object {
              "Icon": [Function],
              "id": "facebook.com",
              "method": "signInWithFacebook",
              "name": "Facebook",
            },
            "className": "css-1r2f04i",
            "onClick": [Function],
          },
          "ref": null,
          "rendered": null,
          "type": [Function],
        },
        Object {
          "instance": null,
          "key": "password",
          "nodeType": "class",
          "props": Object {
            "children": <SignInButton
              auth={
                Object {
                  "Icon": [Function],
                  "id": "password",
                  "method": "signIn",
                  "name": "Email and password",
                }
              }
              className="css-1r2f04i"
            />,
            "className": "css-4rmlxi",
            "replace": false,
            "to": "/main/login/email",
          },
          "ref": null,
          "rendered": Object {
            "instance": null,
            "key": undefined,
            "nodeType": "function",
            "props": Object {
              "auth": Object {
                "Icon": [Function],
                "id": "password",
                "method": "signIn",
                "name": "Email and password",
              },
              "className": "css-1r2f04i",
            },
            "ref": null,
            "rendered": null,
            "type": [Function],
          },
          "type": [Function],
        },
        Object {
          "instance": null,
          "key": "portis",
          "nodeType": "function",
          "props": Object {
            "auth": Object {
              "Icon": [Function],
              "id": "portis",
              "method": "",
              "name": "Portis wallet",
            },
            "className": "css-1r2f04i",
            "onClick": [Function],
          },
          "ref": null,
          "rendered": null,
          "type": [Function],
        },
      ],
      "type": [Function],
    },
  ],
  Symbol(enzyme.__options__): Object {
    "adapter": ReactSixteenAdapter {
      "options": Object {
        "enableComponentDidUpdateOnSetState": true,
        "lifecycles": Object {
          "componentDidUpdate": Object {
            "onSetState": true,
          },
          "getDerivedStateFromProps": true,
          "getSnapshotBeforeUpdate": true,
          "setState": Object {
            "skipsComponentDidUpdateOnNullish": true,
          },
        },
      },
    },
  },
}
`;
