// Jest Snapshot v1, https://goo.gl/fbAQLP

exports[`MainMenuButtons renders children when passed in 1`] = `
ShallowWrapper {
  Symbol(enzyme.__root__): [Circular],
  Symbol(enzyme.__unrendered__): <MainMenuButtons
    bottomAnim={
      Object {
        "delay": 1000,
        "duration": 1000,
      }
    }
    topAnim={
      Object {
        "delay": 0,
        "duration": 1000,
      }
    }
  />,
  Symbol(enzyme.__renderer__): Object {
    "batchedUpdates": [Function],
    "getNode": [Function],
    "render": [Function],
    "simulateError": [Function],
    "simulateEvent": [Function],
    "unmount": [Function],
  },
  Symbol(enzyme.__node__): Object {
    "instance": null,
    "key": undefined,
    "nodeType": "class",
    "props": Object {
      "children": Array [
        <Styled(Link)
          className="css-ln2ph0"
          replace={false}
          to="/main/signin"
        >
          <Styled(button)>
            Returning Player
          </Styled(button)>
        </Styled(Link)>,
        <Styled(Link)
          className="css-14sjvqw"
          replace={false}
          to="/main/signup"
        >
          <Styled(button)>
            New Player
          </Styled(button)>
        </Styled(Link)>,
      ],
    },
    "ref": null,
    "rendered": Array [
      Object {
        "instance": null,
        "key": undefined,
        "nodeType": "class",
        "props": Object {
          "children": <Styled(button)>
            Returning Player
          </Styled(button)>,
          "className": "css-ln2ph0",
          "replace": false,
          "to": "/main/signin",
        },
        "ref": null,
        "rendered": Object {
          "instance": null,
          "key": undefined,
          "nodeType": "class",
          "props": Object {
            "children": "Returning Player",
          },
          "ref": null,
          "rendered": "Returning Player",
          "type": [Function],
        },
        "type": [Function],
      },
      Object {
        "instance": null,
        "key": undefined,
        "nodeType": "class",
        "props": Object {
          "children": <Styled(button)>
            New Player
          </Styled(button)>,
          "className": "css-14sjvqw",
          "replace": false,
          "to": "/main/signup",
        },
        "ref": null,
        "rendered": Object {
          "instance": null,
          "key": undefined,
          "nodeType": "class",
          "props": Object {
            "children": "New Player",
          },
          "ref": null,
          "rendered": "New Player",
          "type": [Function],
        },
        "type": [Function],
      },
    ],
    "type": [Function],
  },
  Symbol(enzyme.__nodes__): Array [
    Object {
      "instance": null,
      "key": undefined,
      "nodeType": "class",
      "props": Object {
        "children": Array [
          <Styled(Link)
            className="css-ln2ph0"
            replace={false}
            to="/main/signin"
          >
            <Styled(button)>
              Returning Player
            </Styled(button)>
          </Styled(Link)>,
          <Styled(Link)
            className="css-14sjvqw"
            replace={false}
            to="/main/signup"
          >
            <Styled(button)>
              New Player
            </Styled(button)>
          </Styled(Link)>,
        ],
      },
      "ref": null,
      "rendered": Array [
        Object {
          "instance": null,
          "key": undefined,
          "nodeType": "class",
          "props": Object {
            "children": <Styled(button)>
              Returning Player
            </Styled(button)>,
            "className": "css-ln2ph0",
            "replace": false,
            "to": "/main/signin",
          },
          "ref": null,
          "rendered": Object {
            "instance": null,
            "key": undefined,
            "nodeType": "class",
            "props": Object {
              "children": "Returning Player",
            },
            "ref": null,
            "rendered": "Returning Player",
            "type": [Function],
          },
          "type": [Function],
        },
        Object {
          "instance": null,
          "key": undefined,
          "nodeType": "class",
          "props": Object {
            "children": <Styled(button)>
              New Player
            </Styled(button)>,
            "className": "css-14sjvqw",
            "replace": false,
            "to": "/main/signup",
          },
          "ref": null,
          "rendered": Object {
            "instance": null,
            "key": undefined,
            "nodeType": "class",
            "props": Object {
              "children": "New Player",
            },
            "ref": null,
            "rendered": "New Player",
            "type": [Function],
          },
          "type": [Function],
        },
      ],
      "type": [Function],
    },
  ],
  Symbol(enzyme.__options__): Object {
    "adapter": ReactSixteenAdapter {
      "options": Object {
        "enableComponentDidUpdateOnSetState": true,
        "lifecycles": Object {
          "componentDidUpdate": Object {
            "onSetState": true,
          },
          "getDerivedStateFromProps": true,
          "getSnapshotBeforeUpdate": true,
          "setState": Object {
            "skipsComponentDidUpdateOnNullish": true,
          },
        },
      },
    },
  },
}
`;
