// Jest Snapshot v1, https://goo.gl/fbAQLP

exports[`BottomNav renders without crashing 1`] = `
ShallowWrapper {
  Symbol(enzyme.__root__): [Circular],
  Symbol(enzyme.__unrendered__): <BottomNav
    activeQuestSlug="foo-bar"
    location={
      Object {
        "pathname": "/",
      }
    }
  />,
  Symbol(enzyme.__renderer__): Object {
    "batchedUpdates": [Function],
    "getNode": [Function],
    "render": [Function],
    "simulateError": [Function],
    "simulateEvent": [Function],
    "unmount": [Function],
  },
  Symbol(enzyme.__node__): Object {
    "instance": null,
    "key": undefined,
    "nodeType": "class",
    "props": Object {
      "children": Array [
        <ButtonLink
          btnClassName="css-rkff0y"
          btnWrapperClassName="css-1dww627"
          id="bottom-nav-profile"
          to="/profile"
        >
          <ButtonProfile
            size={48}
          />
          Profile
        </ButtonLink>,
        <ButtonLink
          btnClassName="css-rkff0y"
          btnWrapperClassName="css-1b3b6dh"
          id="bottom-nav-"
          to="/"
        >
          <ButtonBackToMap
            size={48}
          />
          Map
        </ButtonLink>,
        <ButtonLink
          btnClassName="css-rkff0y"
          btnWrapperClassName="css-1dww627"
          id="bottom-nav-quest-log"
          to="/quest-log/foo-bar"
        >
          <ButtonQuestLog
            size={48}
          />
          Quest Log
        </ButtonLink>,
      ],
    },
    "ref": null,
    "rendered": Array [
      Object {
        "instance": null,
        "key": "profile",
        "nodeType": "function",
        "props": Object {
          "btnClassName": "css-rkff0y",
          "btnWrapperClassName": "css-1dww627",
          "children": Array [
            <ButtonProfile
              size={48}
            />,
            "Profile",
          ],
          "id": "bottom-nav-profile",
          "onClick": undefined,
          "to": "/profile",
        },
        "ref": null,
        "rendered": Array [
          Object {
            "instance": null,
            "key": undefined,
            "nodeType": "function",
            "props": Object {
              "size": 48,
            },
            "ref": null,
            "rendered": null,
            "type": [Function],
          },
          "Profile",
        ],
        "type": [Function],
      },
      Object {
        "instance": null,
        "key": "",
        "nodeType": "function",
        "props": Object {
          "btnClassName": "css-rkff0y",
          "btnWrapperClassName": "css-1b3b6dh",
          "children": Array [
            <ButtonBackToMap
              size={48}
            />,
            "Map",
          ],
          "id": "bottom-nav-",
          "onClick": undefined,
          "to": "/",
        },
        "ref": null,
        "rendered": Array [
          Object {
            "instance": null,
            "key": undefined,
            "nodeType": "function",
            "props": Object {
              "size": 48,
            },
            "ref": null,
            "rendered": null,
            "type": [Function],
          },
          "Map",
        ],
        "type": [Function],
      },
      Object {
        "instance": null,
        "key": "quest-log",
        "nodeType": "function",
        "props": Object {
          "btnClassName": "css-rkff0y",
          "btnWrapperClassName": "css-1dww627",
          "children": Array [
            <ButtonQuestLog
              size={48}
            />,
            "Quest Log",
          ],
          "id": "bottom-nav-quest-log",
          "onClick": undefined,
          "to": "/quest-log/foo-bar",
        },
        "ref": null,
        "rendered": Array [
          Object {
            "instance": null,
            "key": undefined,
            "nodeType": "function",
            "props": Object {
              "size": 48,
            },
            "ref": null,
            "rendered": null,
            "type": [Function],
          },
          "Quest Log",
        ],
        "type": [Function],
      },
    ],
    "type": [Function],
  },
  Symbol(enzyme.__nodes__): Array [
    Object {
      "instance": null,
      "key": undefined,
      "nodeType": "class",
      "props": Object {
        "children": Array [
          <ButtonLink
            btnClassName="css-rkff0y"
            btnWrapperClassName="css-1dww627"
            id="bottom-nav-profile"
            to="/profile"
          >
            <ButtonProfile
              size={48}
            />
            Profile
          </ButtonLink>,
          <ButtonLink
            btnClassName="css-rkff0y"
            btnWrapperClassName="css-1b3b6dh"
            id="bottom-nav-"
            to="/"
          >
            <ButtonBackToMap
              size={48}
            />
            Map
          </ButtonLink>,
          <ButtonLink
            btnClassName="css-rkff0y"
            btnWrapperClassName="css-1dww627"
            id="bottom-nav-quest-log"
            to="/quest-log/foo-bar"
          >
            <ButtonQuestLog
              size={48}
            />
            Quest Log
          </ButtonLink>,
        ],
      },
      "ref": null,
      "rendered": Array [
        Object {
          "instance": null,
          "key": "profile",
          "nodeType": "function",
          "props": Object {
            "btnClassName": "css-rkff0y",
            "btnWrapperClassName": "css-1dww627",
            "children": Array [
              <ButtonProfile
                size={48}
              />,
              "Profile",
            ],
            "id": "bottom-nav-profile",
            "onClick": undefined,
            "to": "/profile",
          },
          "ref": null,
          "rendered": Array [
            Object {
              "instance": null,
              "key": undefined,
              "nodeType": "function",
              "props": Object {
                "size": 48,
              },
              "ref": null,
              "rendered": null,
              "type": [Function],
            },
            "Profile",
          ],
          "type": [Function],
        },
        Object {
          "instance": null,
          "key": "",
          "nodeType": "function",
          "props": Object {
            "btnClassName": "css-rkff0y",
            "btnWrapperClassName": "css-1b3b6dh",
            "children": Array [
              <ButtonBackToMap
                size={48}
              />,
              "Map",
            ],
            "id": "bottom-nav-",
            "onClick": undefined,
            "to": "/",
          },
          "ref": null,
          "rendered": Array [
            Object {
              "instance": null,
              "key": undefined,
              "nodeType": "function",
              "props": Object {
                "size": 48,
              },
              "ref": null,
              "rendered": null,
              "type": [Function],
            },
            "Map",
          ],
          "type": [Function],
        },
        Object {
          "instance": null,
          "key": "quest-log",
          "nodeType": "function",
          "props": Object {
            "btnClassName": "css-rkff0y",
            "btnWrapperClassName": "css-1dww627",
            "children": Array [
              <ButtonQuestLog
                size={48}
              />,
              "Quest Log",
            ],
            "id": "bottom-nav-quest-log",
            "onClick": undefined,
            "to": "/quest-log/foo-bar",
          },
          "ref": null,
          "rendered": Array [
            Object {
              "instance": null,
              "key": undefined,
              "nodeType": "function",
              "props": Object {
                "size": 48,
              },
              "ref": null,
              "rendered": null,
              "type": [Function],
            },
            "Quest Log",
          ],
          "type": [Function],
        },
      ],
      "type": [Function],
    },
  ],
  Symbol(enzyme.__options__): Object {
    "adapter": ReactSixteenAdapter {
      "options": Object {
        "enableComponentDidUpdateOnSetState": true,
        "lifecycles": Object {
          "componentDidUpdate": Object {
            "onSetState": true,
          },
          "getDerivedStateFromProps": true,
          "getSnapshotBeforeUpdate": true,
          "setState": Object {
            "skipsComponentDidUpdateOnNullish": true,
          },
        },
      },
    },
  },
}
`;
