// Jest Snapshot v1, https://goo.gl/fbAQLP

exports[`Map renders children when passed in 1`] = `
ShallowWrapper {
  Symbol(enzyme.__root__): [Circular],
  Symbol(enzyme.__unrendered__): <MapPage
    changeViewport={[MockFunction]}
    closePopup={[MockFunction]}
    deselectEntity={[MockFunction]}
    entityClick={[MockFunction]}
    fetchQuest={[MockFunction]}
    pois={Array []}
    popupInfo={Object {}}
    selectEntity={[MockFunction]}
    selectedEntities={Array []}
    userLocation={
      Object {
        "latitude": 0,
        "longitude": 0,
      }
    }
    viewport={Object {}}
  />,
  Symbol(enzyme.__renderer__): Object {
    "batchedUpdates": [Function],
    "getNode": [Function],
    "render": [Function],
    "simulateError": [Function],
    "simulateEvent": [Function],
    "unmount": [Function],
  },
  Symbol(enzyme.__node__): Object {
    "instance": null,
    "key": undefined,
    "nodeType": "class",
    "props": Object {
      "children": [Function],
      "disableHeight": false,
      "disableWidth": false,
      "onResize": [Function],
      "style": Object {},
    },
    "ref": null,
    "rendered": [Function],
    "type": [Function],
  },
  Symbol(enzyme.__nodes__): Array [
    Object {
      "instance": null,
      "key": undefined,
      "nodeType": "class",
      "props": Object {
        "children": [Function],
        "disableHeight": false,
        "disableWidth": false,
        "onResize": [Function],
        "style": Object {},
      },
      "ref": null,
      "rendered": [Function],
      "type": [Function],
    },
  ],
  Symbol(enzyme.__options__): Object {
    "adapter": ReactSixteenAdapter {
      "options": Object {
        "enableComponentDidUpdateOnSetState": true,
        "lifecycles": Object {
          "componentDidUpdate": Object {
            "onSetState": true,
          },
          "getDerivedStateFromProps": true,
          "getSnapshotBeforeUpdate": true,
          "setState": Object {
            "skipsComponentDidUpdateOnNullish": true,
          },
        },
      },
    },
  },
}
`;
